// Jest Snapshot v1, https://goo.gl/fbAQLP

exports[`test Cart class tests on checkout should bring the total and the items when call summary 1`] = `
Object {
  "formatted": "R$1,054.00",
  "items": Array [
    Object {
      "product": Object {
        "name": "sunglass",
        "price": 1050,
      },
      "quantity": 5,
    },
    Object {
      "product": Object {
        "name": "cellphone",
        "price": 100150,
      },
      "quantity": 1,
    },
  ],
  "total": 105400,
}
`;
